
> nexus-calculator@0.1.0 build
> next build

   Γû▓ Next.js 15.5.15
   - Environments: .env.local
   - Experiments (use with caution):
     ┬╖ cpus: 1

   Creating an optimized production build ...
 Γùï (serwist) Serwist is disabled.
 Γùï (serwist) Serwist is disabled.
node.exe :  ΓÜá Compiled with warnings in 51s
At C:\Program Files\nodejs\npm.ps1:29 char:3
+   & $NODE_EXE $NPM_CLI_JS $args
+   ~~~~~~~~~~~~~~~~~~~~~~~~~~~~~
    + CategoryInfo          : NotSpecified: ( ΓÜá Compiled with warnings in 51s:String) [], RemoteException
    + FullyQualifiedErrorId : NativeCommandError
 

./node_modules/@vladmandic/face-api/dist/face-api.esm.js
Critical dependency: require function is used in a way in which dependencies cannot be statically extracted

Import trace for requested module:
./node_modules/@vladmandic/face-api/dist/face-api.esm.js
./app/components/tools/BlurFacesInImageTool.tsx

./node_modules/@vladmandic/face-api/dist/face-api.esm.js
Critical dependency: require function is used in a way in which dependencies cannot be statically extracted

Import trace for requested module:
./node_modules/@vladmandic/face-api/dist/face-api.esm.js
./app/components/tools/BlurFacesInImageTool.tsx

./node_modules/@protobufjs/inquire/index.js
Critical dependency: the request of a dependency is an expression

Import trace for requested module:
./node_modules/@protobufjs/inquire/index.js
./node_modules/protobufjs/src/util/minimal.js
./node_modules/protobufjs/src/index-minimal.js
./node_modules/protobufjs/src/index-light.js
./node_modules/protobufjs/src/index.js
./node_modules/protobufjs/index.js
./node_modules/@grpc/proto-loader/build/src/index.js
./node_modules/@firebase/firestore/dist/index.node.mjs
./node_modules/firebase/firestore/dist/index.mjs
./app/sitemap.ts
./node_modules/next/dist/build/webpack/loaders/next-metadata-route-loader.js?filePath=C%3A%5Cnexus%5CCalculator-Hub%5Ca
pp%5Csitemap.ts&isDynamicRouteExtension=1!?__next_metadata_route__

   Skipping linting
   Checking validity of types ...
   Collecting page data ...
   Generating static pages (0/1164) ...
[2026-07-09T14:52:16.931Z]  @firebase/firestore: Firestore (12.13.0): GrpcConnection RPC 'Listen' stream 0x120b9106 
error. Code: undefined Message: undefined undefined: undefined
[2026-07-09T14:52:16.932Z]  @firebase/firestore: Firestore (12.13.0): GRPC error has no .code
[2026-07-09T14:52:16.933Z]  @firebase/firestore: Firestore (12.13.0): Could not reach Cloud Firestore backend. 
Connection failed 1 times. Most recent error: FirebaseError: [code=unknown]: undefined undefined: undefined
This typically indicates that your device does not have a healthy Internet connection at the moment. The client will 
operate in offline mode until it is able to successfully connect to the backend.
   Generating static pages (200/1164) 
   Generating static pages (291/1164) 
   Generating static pages (582/1164) 
   Generating static pages (873/1164) 
 Γ£ô Generating static pages (1164/1164)
   Finalizing page optimization ...
   Collecting build traces ...

Route (app)                                                  Size  First Load JS  Revalidate  Expire
Γöî Γùï /_not-found                                             187 B         105 kB
Γö£ ΓùÅ /[locale]                                               13 kB        1.07 MB
Γö£   Γö£ /en
Γö£   Γö£ /es
Γö£   Γö£ /fr
Γö£   Γöö /de
Γö£ ╞Æ /[locale]/[...rest]                                     187 B         105 kB
Γö£ ΓùÅ /[locale]/about-us                                     6.9 kB         128 kB
Γö£   Γö£ /en/about-us
Γö£   Γö£ /es/about-us
Γö£   Γö£ /fr/about-us
Γö£   Γöö /de/about-us
Γö£ ΓùÅ /[locale]/admin/community                             8.94 kB         253 kB
Γö£   Γö£ /en/admin/community
Γö£   Γö£ /es/admin/community
Γö£   Γö£ /fr/admin/community
Γö£   Γöö /de/admin/community
Γö£ ΓùÅ /[locale]/calculators/[slug]                          7.17 kB         305 kB          1d      1y
Γö£   Γö£ /en/calculators/irr-calculator                                                      1d      1y
Γö£   Γö£ /en/calculators/lease-calculator                                                    1d      1y
Γö£   Γö£ /en/calculators/real-estate-calculator                                              1d      1y
Γö£   Γöö [+395 more paths]
Γö£ ΓùÅ /[locale]/calculators/category/[category]             1.89 kB         123 kB
Γö£   Γö£ /en/calculators/category/financial
Γö£   Γö£ /en/calculators/category/health
Γö£   Γö£ /en/calculators/category/math
Γö£   Γöö [+13 more paths]
Γö£ ╞Æ /[locale]/collections/[slug]                          1.89 kB         123 kB
Γö£ ΓùÅ /[locale]/community                                     149 B         256 kB
Γö£   Γö£ /en/community
Γö£   Γö£ /es/community
Γö£   Γö£ /fr/community
Γö£   Γöö /de/community
Γö£ ╞Æ /[locale]/community/[slug]                            15.1 kB         308 kB
Γö£ ╞Æ /[locale]/community/[slug]/edit                        137 kB         378 kB
Γö£ ΓùÅ /[locale]/community/admin                             6.53 kB         254 kB          1h      1y
Γö£   Γö£ /en/community/admin                                                                 1h      1y
Γö£   Γö£ /es/community/admin                                                                 1h      1y
Γö£   Γö£ /fr/community/admin                                                                 1h      1y
Γö£   Γöö /de/community/admin                                                                 1h      1y
Γö£ ΓùÅ /[locale]/community/category/[slug]                     149 B         256 kB          1h      1y
Γö£   Γö£ /en/community/category/general                                                      1h      1y
Γö£   Γö£ /en/community/category/web-dev                                                      1h      1y
Γö£   Γö£ /en/community/category/finance                                                      1h      1y
Γö£   Γöö [+29 more paths]
Γö£ ΓùÅ /[locale]/community/hall-of-fame                      1.89 kB         123 kB          1h      1y
Γö£   Γö£ /en/community/hall-of-fame                                                          1h      1y
Γö£   Γö£ /es/community/hall-of-fame                                                          1h      1y
Γö£   Γö£ /fr/community/hall-of-fame                                                          1h      1y
Γö£   Γöö /de/community/hall-of-fame                                                          1h      1y
Γö£ ΓùÅ /[locale]/community/leaderboard                       7.76 kB         252 kB          1h      1y
Γö£   Γö£ /en/community/leaderboard                                                           1h      1y
Γö£   Γö£ /es/community/leaderboard                                                           1h      1y
Γö£   Γö£ /fr/community/leaderboard                                                           1h      1y
Γö£   Γöö /de/community/leaderboard                                                           1h      1y
Γö£ ΓùÅ /[locale]/community/messages                          8.59 kB         253 kB          1h      1y
Γö£   Γö£ /en/community/messages                                                              1h      1y
Γö£   Γö£ /es/community/messages                                                              1h      1y
Γö£   Γö£ /fr/community/messages                                                              1h      1y
Γö£   Γöö /de/community/messages                                                              1h      1y
Γö£ ╞Æ /[locale]/community/messages/[chatId]                 8.92 kB         253 kB
Γö£ ΓùÅ /[locale]/community/new                               6.45 kB         396 kB          1h      1y
Γö£   Γö£ /en/community/new                                                                   1h      1y
Γö£   Γö£ /es/community/new                                                                   1h      1y
Γö£   Γö£ /fr/community/new                                                                   1h      1y
Γö£   Γöö /de/community/new                                                                   1h      1y
Γö£ ΓùÅ /[locale]/community/settings                          7.02 kB         255 kB          1h      1y
Γö£   Γö£ /en/community/settings                                                              1h      1y
Γö£   Γö£ /es/community/settings                                                              1h      1y
Γö£   Γö£ /fr/community/settings                                                              1h      1y
Γö£   Γöö /de/community/settings                                                              1h      1y
Γö£ ╞Æ /[locale]/community/user/[userId]                     10.6 kB         258 kB
Γö£ ╞Æ /[locale]/compare/[slug]                              1.89 kB         123 kB
Γö£ ΓùÅ /[locale]/contact-us                                  1.89 kB         123 kB
Γö£   Γö£ /en/contact-us
Γö£   Γö£ /es/contact-us
Γö£   Γö£ /fr/contact-us
Γö£   Γöö /de/contact-us
Γö£ ΓùÅ /[locale]/dashboard                                   9.32 kB         130 kB
Γö£   Γö£ /en/dashboard
Γö£   Γö£ /es/dashboard
Γö£   Γö£ /fr/dashboard
Γö£   Γöö /de/dashboard
Γö£ ΓùÅ /[locale]/disclaimer                                  1.89 kB         123 kB
Γö£   Γö£ /en/disclaimer
Γö£   Γö£ /es/disclaimer
Γö£   Γö£ /fr/disclaimer
Γö£   Γöö /de/disclaimer
Γö£ ΓùÅ /[locale]/embed/calculators/[slug]                    2.84 kB         127 kB
Γö£ ΓùÅ /[locale]/guides                                      1.89 kB         123 kB
Γö£   Γö£ /en/guides
Γö£   Γö£ /es/guides
Γö£   Γö£ /fr/guides
Γö£   Γöö /de/guides
Γö£ ΓùÅ /[locale]/guides/[slug]                               3.32 kB         124 kB
Γö£   Γö£ /en/guides/how-to-use-compound-interest-calculator
Γö£   Γö£ /en/guides/understanding-loan-amortization
Γö£   Γö£ /en/guides/how-to-calculate-mortgage-payments
Γö£   Γöö [+85 more paths]
Γö£ ΓùÅ /[locale]/login                                        7.7 kB         252 kB
Γö£   Γö£ /en/login
Γö£   Γö£ /es/login
Γö£   Γö£ /fr/login
Γö£   Γöö /de/login
Γö£ ΓùÅ /[locale]/privacy-policy                              1.89 kB         123 kB
Γö£   Γö£ /en/privacy-policy
Γö£   Γö£ /es/privacy-policy
Γö£   Γö£ /fr/privacy-policy
Γö£   Γöö /de/privacy-policy
Γö£ ΓùÅ /[locale]/search                                      1.89 kB         123 kB
Γö£   Γö£ /en/search
Γö£   Γö£ /es/search
Γö£   Γö£ /fr/search
Γö£   Γöö /de/search
Γö£ ΓùÅ /[locale]/signup                                      7.77 kB         252 kB
Γö£   Γö£ /en/signup
Γö£   Γö£ /es/signup
Γö£   Γö£ /fr/signup
Γö£   Γöö /de/signup
Γö£ ΓùÅ /[locale]/sitemap                                       186 B         124 kB
Γö£   Γö£ /en/sitemap
Γö£   Γö£ /es/sitemap
Γö£   Γö£ /fr/sitemap
Γö£   Γöö /de/sitemap
Γö£ ΓùÅ /[locale]/terms-of-use                                1.89 kB         123 kB
Γö£   Γö£ /en/terms-of-use
Γö£   Γö£ /es/terms-of-use
Γö£   Γö£ /fr/terms-of-use
Γö£   Γöö /de/terms-of-use
Γö£ ΓùÅ /[locale]/tools/[slug]                                1.99 MB        3.36 MB          1d      1y
Γö£   Γö£ /en/tools/json-formatter                                                            1d      1y
Γö£   Γö£ /en/tools/diff-checker                                                              1d      1y
Γö£   Γö£ /en/tools/html-formatter                                                            1d      1y
Γö£   Γöö [+529 more paths]
Γö£ ╞Æ /[locale]/tools/html-css-js-playground/[id]             976 B        1.04 MB
Γö£ ╞Æ /[locale]/tools/html-css-js-playground/embed/[id]     3.48 kB         774 kB
Γö£ ╞Æ /api/check-headers                                      187 B         105 kB
Γö£ ╞Æ /api/newsletter                                         187 B         105 kB
Γö£ ╞Æ /api/tools/ai-image-generator                           187 B         105 kB
Γö£ ╞Æ /api/tools/compress-pdf                                 187 B         105 kB
Γö£ ╞Æ /api/tools/dns-lookup                                   187 B         105 kB
Γö£ ╞Æ /api/tools/ip-lookup                                    187 B         105 kB
Γö£ ╞Æ /api/tools/mime-type-checker                            187 B         105 kB
Γö£ ╞Æ /api/tools/redirect-checker                             187 B         105 kB
Γö£ ╞Æ /api/tools/website-screenshot                           187 B         105 kB
Γö£ ╞Æ /feed.xml                                               187 B         105 kB
Γö£ Γùï /icon.svg                                                 0 B            0 B
Γö£ Γùï /manifest.webmanifest                                   187 B         105 kB
Γö£ Γùï /robots.txt                                             187 B         105 kB
Γö£ ╞Æ /sitemap-community.xml                                  187 B         105 kB
Γöö Γùï /sitemap.xml                                            187 B         105 kB          1d      1y
+ First Load JS shared by all                              105 kB
  Γö£ chunks/1255-47f39d486ee86e84.js                       45.5 kB
  Γö£ chunks/4bd1b696-182b6b13bdad92e3.js                   54.2 kB
  Γöö other shared chunks (total)                           5.24 kB

Route (pages)                                                Size  First Load JS
ΓöÇ Γùï /_dummy (563 ms)                                        230 B         101 kB
+ First Load JS shared by all                              101 kB
  Γö£ chunks/framework-378c8f1031e2e5b2.js                  59.8 kB
  Γö£ chunks/main-4a3a37ca8ef21eac.js                       35.4 kB
  Γöö other shared chunks (total)                           5.52 kB

╞Æ Middleware                                               137 kB

Γùï  (Static)   prerendered as static content
ΓùÅ  (SSG)      prerendered as static HTML (uses generateStaticParams)
╞Æ  (Dynamic)  server-rendered on demand

